jbd6204@wallofvoodoo:~/Courses/CSCI243/Homeworks/hw3/CSCI243_hw3/act1$  gdb -q good-life
Reading symbols from good-life...
(gdb) break 143
Breakpoint 1 at 0x174b: file good-life.c, line 143.
(gdb) run 123
Starting program: /home/stu9/s18/jbd6204/Courses/CSCI243/Homeworks/hw3/CSCI243_hw3/act1/good-life 123
[Thread debugging using libthread_db enabled]
Using host libthread_db library "/lib/x86_64-linux-gnu/libthread_db.so.1".

        ..Welcome to the Game of life..

Breakpoint 1, main (argc=2, args=0x7fffffffe2d8)
    at good-life.c:143
143                   printf("%c", life[row][col]); // fix 1: changed %s to %c because the array is a character array
(gdb) display row
1: row = 0
(gdb) display col
2: col = 0
(gdb) display life[row][col]
3: life[row][col] = 0 '\000'
(gdb) continue 19
Will ignore next 18 crossings of breakpoint 1.  Continuing.

Breakpoint 1, main (argc=2, args=0x7fffffffe2d8)
    at good-life.c:143
143                   printf("%c", life[row][col]); // fix 1: changed %s to %c because the array is a character array
1: row = 0
2: col = 19
3: life[row][col] = 0 '\000'
(gdb) continue
Continuing.
 

Breakpoint 1, main (argc=2, args=0x7fffffffe2d8)
    at good-life.c:143
143                   printf("%c", life[row][col]); // fix 1: changed %s to %c because the array is a character array
1: row = 1
2: col = 0
3: life[row][col] = 0 '\000'
(gdb) continue
Continuing.

Breakpoint 1, main (argc=2, args=0x7fffffffe2d8)
    at good-life.c:143
143                   printf("%c", life[row][col]); // fix 1: changed %s to %c because the array is a character array
1: row = 1
2: col = 1
3: life[row][col] = 0 '\000'
(gdb) continue
Continuing.

Breakpoint 1, main (argc=2, args=0x7fffffffe2d8)
    at good-life.c:143
143                   printf("%c", life[row][col]); // fix 1: changed %s to %c because the array is a character array
1: row = 1
2: col = 2
3: life[row][col] = 0 '\000'
(gdb) continue 19
Will ignore next 18 crossings of breakpoint 1.  Continuing.
 

Breakpoint 1, main (argc=2, args=0x7fffffffe2d8)
    at good-life.c:143
143                   printf("%c", life[row][col]); // fix 1: changed %s to %c because the array is a character array
1: row = 2
2: col = 1
3: life[row][col] = 0 '\000'
(gdb) continue 19
Will ignore next 18 crossings of breakpoint 1.  Continuing.
 

Breakpoint 1, main (argc=2, args=0x7fffffffe2d8)
    at good-life.c:143
143                   printf("%c", life[row][col]); // fix 1: changed %s to %c because the array is a character array
1: row = 3
2: col = 0
3: life[row][col] = 0 '\000'
(gdb) continue 19
Will ignore next 18 crossings of breakpoint 1.  Continuing.

Breakpoint 1, main (argc=2, args=0x7fffffffe2d8)
    at good-life.c:143
143                   printf("%c", life[row][col]); // fix 1: changed %s to %c because the array is a character array
1: row = 3
2: col = 19
3: life[row][col] = 0 '\000'
(gdb) continue 19
Will ignore next 18 crossings of breakpoint 1.  Continuing.
 

Breakpoint 1, main (argc=2, args=0x7fffffffe2d8)
    at good-life.c:143
143                   printf("%c", life[row][col]); // fix 1: changed %s to %c because the array is a character array
1: row = 4
2: col = 18
3: life[row][col] = 0 '\000'
(gdb) continue 19
Will ignore next 18 crossings of breakpoint 1.  Continuing.
 

Breakpoint 1, main (argc=2, args=0x7fffffffe2d8)
    at good-life.c:143
143                   printf("%c", life[row][col]); // fix 1: changed %s to %c because the array is a character array
1: row = 5
2: col = 17
3: life[row][col] = 0 '\000'
(gdb) continue 19
Will ignore next 18 crossings of breakpoint 1.  Continuing.
 

Breakpoint 1, main (argc=2, args=0x7fffffffe2d8)
    at good-life.c:143
143                   printf("%c", life[row][col]); // fix 1: changed %s to %c because the array is a character array
1: row = 6
2: col = 16
3: life[row][col] = 0 '\000'
(gdb) continue
Continuing.

Breakpoint 1, main (argc=2, args=0x7fffffffe2d8)
    at good-life.c:143
143                   printf("%c", life[row][col]); // fix 1: changed %s to %c because the array is a character array
1: row = 6
2: col = 17
3: life[row][col] = 0 '\000'
(gdb) continue
Continuing.

Breakpoint 1, main (argc=2, args=0x7fffffffe2d8)
    at good-life.c:143
143                   printf("%c", life[row][col]); // fix 1: changed %s to %c because the array is a character array
1: row = 6
2: col = 18
3: life[row][col] = 0 '\000'
(gdb) continue
Continuing.

Breakpoint 1, main (argc=2, args=0x7fffffffe2d8)
    at good-life.c:143
143                   printf("%c", life[row][col]); // fix 1: changed %s to %c because the array is a character array
1: row = 6
2: col = 19
3: life[row][col] = 0 '\000'
(gdb) continue
Continuing.
 

Breakpoint 1, main (argc=2, args=0x7fffffffe2d8)
    at good-life.c:143
143                   printf("%c", life[row][col]); // fix 1: changed %s to %c because the array is a character array
1: row = 7
2: col = 0
3: life[row][col] = 0 '\000'
(gdb) continue
Continuing.

Breakpoint 1, main (argc=2, args=0x7fffffffe2d8)
    at good-life.c:143
143                   printf("%c", life[row][col]); // fix 1: changed %s to %c because the array is a character array
1: row = 7
2: col = 1
3: life[row][col] = 0 '\000'
(gdb) continue
Continuing.

Breakpoint 1, main (argc=2, args=0x7fffffffe2d8)
    at good-life.c:143
143                   printf("%c", life[row][col]); // fix 1: changed %s to %c because the array is a character array
1: row = 7
2: col = 2
3: life[row][col] = 0 '\000'
(gdb) continue
Continuing.

Breakpoint 1, main (argc=2, args=0x7fffffffe2d8)
    at good-life.c:143
143                   printf("%c", life[row][col]); // fix 1: changed %s to %c because the array is a character array
1: row = 7
2: col = 3
3: life[row][col] = 0 '\000'
(gdb) continue
Continuing.

Breakpoint 1, main (argc=2, args=0x7fffffffe2d8)
    at good-life.c:143
143                   printf("%c", life[row][col]); // fix 1: changed %s to %c because the array is a character array
1: row = 7
2: col = 4
3: life[row][col] = -1 '\377'
(gdb) continue
Continuing.

Breakpoint 1, main (argc=2, args=0x7fffffffe2d8)
    at good-life.c:143
143                   printf("%c", life[row][col]); // fix 1: changed %s to %c because the array is a character array
1: row = 7
2: col = 5
3: life[row][col] = -74 '\266'
(gdb) continue
Continuing.

Breakpoint 1, main (argc=2, args=0x7fffffffe2d8)
    at good-life.c:143
143                   printf("%c", life[row][col]); // fix 1: changed %s to %c because the array is a character array
1: row = 7
2: col = 6
3: life[row][col] = -16 '\360'
(gdb) continue
Continuing.

Breakpoint 1, main (argc=2, args=0x7fffffffe2d8)
    at good-life.c:143
143                   printf("%c", life[row][col]); // fix 1: changed %s to %c because the array is a character array
1: row = 7
2: col = 7
3: life[row][col] = 0 '\000'
(gdb) continue
Continuing.

Breakpoint 1, main (argc=2, args=0x7fffffffe2d8)
    at good-life.c:143
143                   printf("%c", life[row][col]); // fix 1: changed %s to %c because the array is a character array
1: row = 7
2: col = 8
3: life[row][col] = 0 '\000'
(gdb) continue
Continuing.

Breakpoint 1, main (argc=2, args=0x7fffffffe2d8)
    at good-life.c:143
143                   printf("%c", life[row][col]); // fix 1: changed %s to %c because the array is a character array
1: row = 7
2: col = 9
3: life[row][col] = 0 '\000'
(gdb) continue
Continuing.

Breakpoint 1, main (argc=2, args=0x7fffffffe2d8)
    at good-life.c:143
143                   printf("%c", life[row][col]); // fix 1: changed %s to %c because the array is a character array
1: row = 7
2: col = 10
3: life[row][col] = 0 '\000'
(gdb) continue
Continuing.

Breakpoint 1, main (argc=2, args=0x7fffffffe2d8)
    at good-life.c:143
143                   printf("%c", life[row][col]); // fix 1: changed %s to %c because the array is a character array
1: row = 7
2: col = 11
3: life[row][col] = 0 '\000'
(gdb) continue
Continuing.

Breakpoint 1, main (argc=2, args=0x7fffffffe2d8)
    at good-life.c:143
143                   printf("%c", life[row][col]); // fix 1: changed %s to %c because the array is a character array
1: row = 7
2: col = 12
3: life[row][col] = -49 '\317'
(gdb) continue
Continuing.

Breakpoint 1, main (argc=2, args=0x7fffffffe2d8)
    at good-life.c:143
143                   printf("%c", life[row][col]); // fix 1: changed %s to %c because the array is a character array
1: row = 7
2: col = 13
3: life[row][col] = -32 '\340'
(gdb) continue
Continuing.

Breakpoint 1, main (argc=2, args=0x7fffffffe2d8)
    at good-life.c:143
143                   printf("%c", life[row][col]); // fix 1: changed %s to %c because the array is a character array
1: row = 7
2: col = 14
3: life[row][col] = -1 '\377'
(gdb) continue
Continuing.

Breakpoint 1, main (argc=2, args=0x7fffffffe2d8)
    at good-life.c:143
143                   printf("%c", life[row][col]); // fix 1: changed %s to %c because the array is a character array
1: row = 7
2: col = 15
3: life[row][col] = -1 '\377'
(gdb) continue
Continuing.

Breakpoint 1, main (argc=2, args=0x7fffffffe2d8)
    at good-life.c:143
143                   printf("%c", life[row][col]); // fix 1: changed %s to %c because the array is a character array
1: row = 7
2: col = 16
3: life[row][col] = -1 '\377'
(gdb) continue
Continuing.

Breakpoint 1, main (argc=2, args=0x7fffffffe2d8)
    at good-life.c:143
143                   printf("%c", life[row][col]); // fix 1: changed %s to %c because the array is a character array
1: row = 7
2: col = 17
3: life[row][col] = 127 '\177'
(gdb) continue
Continuing.

Breakpoint 1, main (argc=2, args=0x7fffffffe2d8)
    at good-life.c:143
143                   printf("%c", life[row][col]); // fix 1: changed %s to %c because the array is a character array
1: row = 7
2: col = 18
3: life[row][col] = 0 '\000'
(gdb) continue
Continuing.

Breakpoint 1, main (argc=2, args=0x7fffffffe2d8)
    at good-life.c:143
143                   printf("%c", life[row][col]); // fix 1: changed %s to %c because the array is a character array
1: row = 7
2: col = 19
3: life[row][col] = 0 '\000'
(gdb) continue
Continuing.
�������� 

Breakpoint 1, main (argc=2, args=0x7fffffffe2d8)
    at good-life.c:143
143                   printf("%c", life[row][col]); // fix 1: changed %s to %c because the array is a character array
1: row = 8
2: col = 0
3: life[row][col] = -50 '\316'
(gdb) continue
Continuing.

Breakpoint 1, main (argc=2, args=0x7fffffffe2d8)
    at good-life.c:143
143                   printf("%c", life[row][col]); // fix 1: changed %s to %c because the array is a character array
1: row = 8
2: col = 1
3: life[row][col] = -32 '\340'
(gdb) continue
Continuing.

Breakpoint 1, main (argc=2, args=0x7fffffffe2d8)
    at good-life.c:143
143                   printf("%c", life[row][col]); // fix 1: changed %s to %c because the array is a character array
1: row = 8
2: col = 2
3: life[row][col] = -1 '\377'
(gdb) continue
Continuing.

Breakpoint 1, main (argc=2, args=0x7fffffffe2d8)
    at good-life.c:143
143                   printf("%c", life[row][col]); // fix 1: changed %s to %c because the array is a character array
1: row = 8
2: col = 3
3: life[row][col] = -1 '\377'
(gdb) continue
Continuing.

Breakpoint 1, main (argc=2, args=0x7fffffffe2d8)
    at good-life.c:143
143                   printf("%c", life[row][col]); // fix 1: changed %s to %c because the array is a character array
1: row = 8
2: col = 4
3: life[row][col] = -1 '\377'

fixed error regarding assigning an index of an array as == instead of =. The double equals operator is used for comparison
not for assignmnet. So, the array wasn't being filled and garbage memory output was there instead.
Lines(127,135,95, 59)

